// Jest Snapshot v1, https://goo.gl/fbAQLP

exports[`endpoints should export all endpoints 1`] = `
[
  "Articles",
  "AssetClasses",
  "AssetCustomFields",
  "Assets",
  "CustomAttributes",
  "Documents",
  "Files",
  "Invoices",
  "KnowledgeBase",
  "Locale",
  "Offers",
  "Orders",
  "PackingSlip",
  "Project",
  "Purchase",
  "Relations",
  "Schedule",
  "Ticketing",
  "Transport",
]
`;
